// Jest Snapshot v1, https://goo.gl/fbAQLP

exports[`AppBar should render correctly 1`] = `
<header
  class="MuiPaper-root MuiPaper-elevation MuiPaper-elevation4 MuiAppBar-root MuiAppBar-colorPrimary MuiAppBar-positionStatic css-ptdwpq-MuiPaper-root-MuiAppBar-root"
  style="--Paper-shadow: 0px 2px 4px -1px rgba(0,0,0,0.2),0px 4px 5px 0px rgba(0,0,0,0.14),0px 1px 10px 0px rgba(0,0,0,0.12);"
>
  <div
    class="MuiContainer-root MuiContainer-maxWidthLg css-5c1adp-MuiContainer-root"
  >
    <div
      class="MuiToolbar-root MuiToolbar-regular css-1u9o2lj-MuiToolbar-root"
    >
      <div
        class="MuiBox-root css-1lvtzne"
      >
        <button
          aria-controls="menu-appbar"
          aria-haspopup="true"
          aria-label="menu button"
          class="MuiButtonBase-root MuiIconButton-root MuiIconButton-sizeLarge css-oh9jts-MuiButtonBase-root-MuiIconButton-root"
          tabindex="0"
          type="button"
        >
          <svg
            aria-hidden="true"
            class="MuiSvgIcon-root MuiSvgIcon-fontSizeMedium css-1umw9bq-MuiSvgIcon-root"
            data-testid="MenuIcon"
            focusable="false"
            viewBox="0 0 24 24"
          >
            <path
              d="M3 18h18v-2H3zm0-5h18v-2H3zm0-7v2h18V6z"
            />
          </svg>
        </button>
      </div>
      <nav
        class="MuiList-root MuiList-padding css-1ax93je-MuiList-root"
      >
        <a
          class="MuiButtonBase-root MuiListItemButton-root MuiListItemButton-gutters MuiListItemButton-root MuiListItemButton-gutters css-24d85t-MuiButtonBase-root-MuiListItemButton-root"
          href="/doors"
          tabindex="0"
        >
          <p
            class="MuiTypography-root MuiTypography-body1 css-rizt0-MuiTypography-root"
          >
            Doors
          </p>
        </a>
      </nav>
      <p
        class="MuiTypography-root MuiTypography-body1 css-1somrvq-MuiTypography-root"
      >
        2/12/2023
      </p>
    </div>
  </div>
</header>
`;
