// Jest Snapshot v1, https://goo.gl/fbAQLP

exports[`NavbarListItemButton should render correctly 1`] = `
<a
  class="MuiButtonBase-root MuiListItemButton-root MuiListItemButton-gutters Mui-selected MuiListItemButton-root MuiListItemButton-gutters Mui-selected css-24d85t-MuiButtonBase-root-MuiListItemButton-root"
  href="/test"
  tabindex="0"
>
  <p
    class="MuiTypography-root MuiTypography-body1 css-rizt0-MuiTypography-root"
  >
    Test
  </p>
</a>
`;
