// Jest Snapshot v1, https://goo.gl/fbAQLP

exports[`XSScreenMenu should render correctly 1`] = `
<div
  class="MuiBox-root css-1lvtzne"
>
  <button
    aria-controls="menu-appbar"
    aria-haspopup="true"
    aria-label="menu button"
    class="MuiButtonBase-root MuiIconButton-root MuiIconButton-sizeLarge css-oh9jts-MuiButtonBase-root-MuiIconButton-root"
    tabindex="0"
    type="button"
  >
    <svg
      aria-hidden="true"
      class="MuiSvgIcon-root MuiSvgIcon-fontSizeMedium css-1umw9bq-MuiSvgIcon-root"
      data-testid="MenuIcon"
      focusable="false"
      viewBox="0 0 24 24"
    >
      <path
        d="M3 18h18v-2H3zm0-5h18v-2H3zm0-7v2h18V6z"
      />
    </svg>
  </button>
</div>
`;
